// Jest Snapshot v1, https://goo.gl/fbAQLP

exports[`FormInput renders all fields and the submit button (snapshot) 1`] = `
<View
  className=""
>
  <View
    className="mb-4"
  >
    <View>
      <Text>
        First name
      </Text>
      <TextInput
        onChangeText={[Function]}
        placeholder="First name"
        testID="input-First name"
        value=""
      />
    </View>
  </View>
  <View
    className="mb-4"
  >
    <View>
      <Text>
        Email
      </Text>
      <TextInput
        onChangeText={[Function]}
        placeholder="Email"
        testID="input-Email"
        value=""
      />
    </View>
  </View>
  <View
    className="mb-4"
  >
    <View>
      <Text>
        Phone
      </Text>
      <TextInput
        onChangeText={[Function]}
        placeholder="Phone"
        testID="input-Phone"
        value=""
      />
    </View>
  </View>
  <ViewManagerAdapter_ExpoLinearGradient
    colors={
      [
        4285054609,
        4278216849,
        4281741932,
      ]
    }
    endPoint={
      [
        1,
        0,
      ]
    }
    startPoint={
      [
        0,
        0,
      ]
    }
    style={
      {
        "borderRadius": 100,
        "elevation": 0.3,
        "shadowColor": "#000",
        "shadowOffset": {
          "height": 3,
          "width": 0,
        },
        "shadowOpacity": 0.25,
        "shadowRadius": 6,
      }
    }
  >
    <View
      accessibilityState={
        {
          "busy": undefined,
          "checked": undefined,
          "disabled": undefined,
          "expanded": undefined,
          "selected": undefined,
        }
      }
      accessibilityValue={
        {
          "max": undefined,
          "min": undefined,
          "now": undefined,
          "text": undefined,
        }
      }
      accessible={true}
      collapsable={false}
      focusable={true}
      onClick={[Function]}
      onResponderGrant={[Function]}
      onResponderMove={[Function]}
      onResponderRelease={[Function]}
      onResponderTerminate={[Function]}
      onResponderTerminationRequest={[Function]}
      onStartShouldSetResponder={[Function]}
      style={
        {
          "borderRadius": 100,
          "height": 80.04,
          "justifyContent": "center",
          "opacity": 1,
          "paddingHorizontal": 16,
        }
      }
    >
      <Text
        style={
          {
            "color": "white",
            "fontFamily": "Medium",
            "fontSize": 24.012000000000004,
            "textAlign": "center",
          }
        }
      >
        Continue
      </Text>
    </View>
  </ViewManagerAdapter_ExpoLinearGradient>
</View>
`;
