// Jest Snapshot v1, https://goo.gl/fbAQLP

exports[`FormInput renders all fields and the submit button (snapshot) 1`] = `
<View
  className=""
>
  <View
    className="mb-4"
  >
    <View>
      <Text>
        First name
      </Text>
      <TextInput
        onChangeText={[Function]}
        placeholder="First name"
        testID="input-First name"
        value=""
      />
    </View>
  </View>
  <View
    className="mb-4"
  >
    <View>
      <Text>
        Email
      </Text>
      <TextInput
        onChangeText={[Function]}
        placeholder="Email"
        testID="input-Email"
        value=""
      />
    </View>
  </View>
  <View
    className="mb-4"
  >
    <View>
      <Text>
        Phone
      </Text>
      <TextInput
        onChangeText={[Function]}
        placeholder="Phone"
        testID="input-Phone"
        value=""
      />
    </View>
  </View>
  <View
    accessibilityState={
      {
        "busy": undefined,
        "checked": undefined,
        "disabled": undefined,
        "expanded": undefined,
        "selected": undefined,
      }
    }
    accessibilityValue={
      {
        "max": undefined,
        "min": undefined,
        "now": undefined,
        "text": undefined,
      }
    }
    accessible={true}
    collapsable={false}
    focusable={true}
    onClick={[Function]}
    onResponderGrant={[Function]}
    onResponderMove={[Function]}
    onResponderRelease={[Function]}
    onResponderTerminate={[Function]}
    onResponderTerminationRequest={[Function]}
    onStartShouldSetResponder={[Function]}
    style={
      {
        "opacity": 1,
      }
    }
  >
    <Text>
      Continue
    </Text>
  </View>
</View>
`;
